[18-Feb-2026 09:37:31 Asia/Dhaka] PHP Warning:  require(C:\xampp\htdocs\sajib\sajib\includes/../../config/database.php): Failed to open stream: No such file or directory in C:\xampp\htdocs\sajib\sajib\includes\functions.php on line 34
[18-Feb-2026 09:37:32 Asia/Dhaka] PHP Fatal error:  Uncaught Error: Failed opening required 'C:\xampp\htdocs\sajib\sajib\includes/../../config/database.php' (include_path='C:\xampp\php\PEAR') in C:\xampp\htdocs\sajib\sajib\includes\functions.php:34
Stack trace:
#0 C:\xampp\htdocs\sajib\sajib\includes\auth_check.php(43): getConnection()
#1 C:\xampp\htdocs\sajib\sajib\main\modules\observations\view.php(2): include_once('C:\\xampp\\htdocs...')
#2 {main}
  thrown in C:\xampp\htdocs\sajib\sajib\includes\functions.php on line 34
[18-Feb-2026 09:37:37 Asia/Dhaka] PHP Warning:  require(C:\xampp\htdocs\sajib\sajib\includes/../../config/database.php): Failed to open stream: No such file or directory in C:\xampp\htdocs\sajib\sajib\includes\functions.php on line 34
[18-Feb-2026 09:37:37 Asia/Dhaka] PHP Fatal error:  Uncaught Error: Failed opening required 'C:\xampp\htdocs\sajib\sajib\includes/../../config/database.php' (include_path='C:\xampp\php\PEAR') in C:\xampp\htdocs\sajib\sajib\includes\functions.php:34
Stack trace:
#0 C:\xampp\htdocs\sajib\sajib\includes\auth_check.php(43): getConnection()
#1 C:\xampp\htdocs\sajib\sajib\main\modules\observations\view.php(2): include_once('C:\\xampp\\htdocs...')
#2 {main}
  thrown in C:\xampp\htdocs\sajib\sajib\includes\functions.php on line 34
[18-Feb-2026 09:37:38 Asia/Dhaka] PHP Warning:  require(C:\xampp\htdocs\sajib\sajib\includes/../../config/database.php): Failed to open stream: No such file or directory in C:\xampp\htdocs\sajib\sajib\includes\functions.php on line 34
[18-Feb-2026 09:37:38 Asia/Dhaka] PHP Fatal error:  Uncaught Error: Failed opening required 'C:\xampp\htdocs\sajib\sajib\includes/../../config/database.php' (include_path='C:\xampp\php\PEAR') in C:\xampp\htdocs\sajib\sajib\includes\functions.php:34
Stack trace:
#0 C:\xampp\htdocs\sajib\sajib\includes\auth_check.php(43): getConnection()
#1 C:\xampp\htdocs\sajib\sajib\main\modules\observations\view.php(2): include_once('C:\\xampp\\htdocs...')
#2 {main}
  thrown in C:\xampp\htdocs\sajib\sajib\includes\functions.php on line 34
[18-Feb-2026 09:37:49 Asia/Dhaka] PHP Warning:  require(C:\xampp\htdocs\sajib\sajib\includes/../../config/database.php): Failed to open stream: No such file or directory in C:\xampp\htdocs\sajib\sajib\includes\functions.php on line 34
[18-Feb-2026 09:37:49 Asia/Dhaka] PHP Fatal error:  Uncaught Error: Failed opening required 'C:\xampp\htdocs\sajib\sajib\includes/../../config/database.php' (include_path='C:\xampp\php\PEAR') in C:\xampp\htdocs\sajib\sajib\includes\functions.php:34
Stack trace:
#0 C:\xampp\htdocs\sajib\sajib\includes\auth_check.php(43): getConnection()
#1 C:\xampp\htdocs\sajib\sajib\main\index.php(4): include('C:\\xampp\\htdocs...')
#2 {main}
  thrown in C:\xampp\htdocs\sajib\sajib\includes\functions.php on line 34
[18-Feb-2026 09:38:14 Asia/Dhaka] PHP Warning:  require(C:\xampp\htdocs\sajib\sajib\includes/../../config/database.php): Failed to open stream: No such file or directory in C:\xampp\htdocs\sajib\sajib\includes\functions.php on line 34
[18-Feb-2026 09:38:14 Asia/Dhaka] PHP Fatal error:  Uncaught Error: Failed opening required 'C:\xampp\htdocs\sajib\sajib\includes/../../config/database.php' (include_path='C:\xampp\php\PEAR') in C:\xampp\htdocs\sajib\sajib\includes\functions.php:34
Stack trace:
#0 C:\xampp\htdocs\sajib\sajib\includes\auth_check.php(43): getConnection()
#1 C:\xampp\htdocs\sajib\sajib\main\index.php(4): include('C:\\xampp\\htdocs...')
#2 {main}
  thrown in C:\xampp\htdocs\sajib\sajib\includes\functions.php on line 34
[24-Feb-2026 10:57:57 Asia/Dhaka] PHP Fatal error:  Uncaught ArgumentCountError: The number of elements in the type definition string must match the number of bind variables in C:\xampp\htdocs\sajib\sajib\main\modules\users\edit_user.php:69
Stack trace:
#0 C:\xampp\htdocs\sajib\sajib\main\modules\users\edit_user.php(69): mysqli_stmt_bind_param(Object(mysqli_stmt), 'sssssi', 'sajib', 'l1', 'Observations', 'superadmin', 10)
#1 {main}
  thrown in C:\xampp\htdocs\sajib\sajib\main\modules\users\edit_user.php on line 69
[24-Feb-2026 10:58:25 Asia/Dhaka] PHP Fatal error:  Uncaught ArgumentCountError: The number of elements in the type definition string must match the number of bind variables in C:\xampp\htdocs\sajib\sajib\main\modules\users\edit_user.php:69
Stack trace:
#0 C:\xampp\htdocs\sajib\sajib\main\modules\users\edit_user.php(69): mysqli_stmt_bind_param(Object(mysqli_stmt), 'sssssi', 'sajib', 'l1', 'Observations', 'superadmin', 10)
#1 {main}
  thrown in C:\xampp\htdocs\sajib\sajib\main\modules\users\edit_user.php on line 69
[17-Apr-2026 13:15:01 Asia/Dhaka] PHP Fatal error:  Uncaught Error: mysqli object is already closed in C:\xampp\htdocs\sajib\sajib\includes\functions.php:157
Stack trace:
#0 C:\xampp\htdocs\sajib\sajib\includes\functions.php(157): mysqli_prepare(Object(mysqli), 'SELECT username...')
#1 C:\xampp\htdocs\sajib\sajib\includes\modals.php(356): executePreparedStatement(Object(mysqli), 'SELECT username...')
#2 C:\xampp\htdocs\sajib\sajib\main\modules\observations\view.php(479): include('C:\\xampp\\htdocs...')
#3 {main}
  thrown in C:\xampp\htdocs\sajib\sajib\includes\functions.php on line 157
[17-Apr-2026 13:16:42 Asia/Dhaka] PHP Fatal error:  Uncaught Error: mysqli object is already closed in C:\xampp\htdocs\sajib\sajib\includes\functions.php:157
Stack trace:
#0 C:\xampp\htdocs\sajib\sajib\includes\functions.php(157): mysqli_prepare(Object(mysqli), 'SELECT username...')
#1 C:\xampp\htdocs\sajib\sajib\includes\modals.php(356): executePreparedStatement(Object(mysqli), 'SELECT username...')
#2 C:\xampp\htdocs\sajib\sajib\main\modules\observations\view.php(479): include('C:\\xampp\\htdocs...')
#3 {main}
  thrown in C:\xampp\htdocs\sajib\sajib\includes\functions.php on line 157
[17-Apr-2026 13:17:08 Asia/Dhaka] PHP Fatal error:  Uncaught Error: mysqli object is already closed in C:\xampp\htdocs\sajib\sajib\includes\functions.php:157
Stack trace:
#0 C:\xampp\htdocs\sajib\sajib\includes\functions.php(157): mysqli_prepare(Object(mysqli), 'SELECT username...')
#1 C:\xampp\htdocs\sajib\sajib\includes\modals.php(356): executePreparedStatement(Object(mysqli), 'SELECT username...')
#2 C:\xampp\htdocs\sajib\sajib\main\modules\observations\view.php(479): include('C:\\xampp\\htdocs...')
#3 {main}
  thrown in C:\xampp\htdocs\sajib\sajib\includes\functions.php on line 157
[17-Apr-2026 09:46:21 Europe/Berlin] PHP Warning:  Undefined variable $conn in C:\xampp\htdocs\sajib\sajib\setup_recycle.php on line 16
[17-Apr-2026 09:46:21 Europe/Berlin] PHP Fatal error:  Uncaught TypeError: mysqli_query(): Argument #1 ($mysql) must be of type mysqli, null given in C:\xampp\htdocs\sajib\sajib\setup_recycle.php:16
Stack trace:
#0 C:\xampp\htdocs\sajib\sajib\setup_recycle.php(16): mysqli_query(NULL, '\nCREATE TABLE I...')
#1 {main}
  thrown in C:\xampp\htdocs\sajib\sajib\setup_recycle.php on line 16
[17-Apr-2026 13:54:06 Asia/Dhaka] PHP Fatal error:  Uncaught Error: mysqli object is already closed in C:\xampp\htdocs\sajib\sajib\includes\functions.php:157
Stack trace:
#0 C:\xampp\htdocs\sajib\sajib\includes\functions.php(157): mysqli_prepare(Object(mysqli), 'SELECT username...')
#1 C:\xampp\htdocs\sajib\sajib\includes\modals.php(356): executePreparedStatement(Object(mysqli), 'SELECT username...')
#2 C:\xampp\htdocs\sajib\sajib\main\modules\ssl\view.php(286): include('C:\\xampp\\htdocs...')
#3 {main}
  thrown in C:\xampp\htdocs\sajib\sajib\includes\functions.php on line 157
[17-Apr-2026 13:54:11 Asia/Dhaka] PHP Fatal error:  Uncaught Error: mysqli object is already closed in C:\xampp\htdocs\sajib\sajib\includes\functions.php:157
Stack trace:
#0 C:\xampp\htdocs\sajib\sajib\includes\functions.php(157): mysqli_prepare(Object(mysqli), 'SELECT username...')
#1 C:\xampp\htdocs\sajib\sajib\includes\modals.php(356): executePreparedStatement(Object(mysqli), 'SELECT username...')
#2 C:\xampp\htdocs\sajib\sajib\main\modules\ssl\view.php(286): include('C:\\xampp\\htdocs...')
#3 {main}
  thrown in C:\xampp\htdocs\sajib\sajib\includes\functions.php on line 157
